<!DOCTYPE html>
<html lang="en">
<head>
  <meta charset="UTF-8"/>
  <link rel="icon" type="image/svg+xml" href="./assets/favicon.17e50649.svg"/>
  <meta name="viewport" content="width=device-width, initial-scale=1.0"/>
  <title>Vite App</title>


  <link rel="stylesheet" href="./assets/index.cd9c0392.css">

</head>
<body>
<div id="root"></div>

<script>!function() {
  var e = document, t = e.createElement('script')
  if (!('noModule' in t) && 'onbeforeload' in t) {
    var n = !1
    e.addEventListener('beforeload', (function(e) {
      if (e.target === t) n = !0 else if (!e.target.hasAttribute('nomodule') || !n) return
      e.preventDefault()
    }), !0), t.type = 'module', t.src = '.', e.head.appendChild(t), t.remove()
  }
}()</script>
<script id="vite-legacy-polyfill" src="./assets/polyfills-legacy.1b8c3f41.js"></script>
<script id="vite-legacy-entry" data-src="./assets/index-legacy.9ff92dbe.js">System.import(document.getElementById('vite-legacy-entry').getAttribute('data-src'))</script>
</body>
</html>
